2026-02-22 13:42:19,318 - INFO - Base Directory: /Users/qiyunge/winMac/SoftwareDev/LaselleCollege/data_science/data_eda
2026-02-22 13:43:12,368 - INFO - Base Directory: /Users/qiyunge/winMac/SoftwareDev/LaselleCollege/data_science/data_eda
2026-02-22 14:44:55,773 - INFO - Base Directory: /Users/qiyunge/winMac/SoftwareDev/LaselleCollege/data_science/data_eda
2026-02-22 14:56:00,545 - INFO - Base Directory: /Users/qiyunge/winMac/SoftwareDev/LaselleCollege/data_science/data_eda
2026-02-22 15:14:05,893 - INFO - Base Directory: /Users/qiyunge/winMac/SoftwareDev/LaselleCollege/data_science/data_eda
2026-02-22 15:14:37,193 - INFO - Base Directory: /Users/qiyunge/winMac/SoftwareDev/LaselleCollege/data_science/data_eda
2026-02-22 15:17:27,990 - INFO - Base Directory: /Users/qiyunge/winMac/SoftwareDev/LaselleCollege/data_science/data_eda
2026-02-22 15:19:07,717 - INFO - Base Directory: /Users/qiyunge/winMac/SoftwareDev/LaselleCollege/data_science/data_eda
2026-02-22 15:29:36,211 - INFO - Base Directory: /Users/qiyunge/winMac/SoftwareDev/LaselleCollege/data_science/data_eda
2026-02-22 15:30:46,233 - INFO - Base Directory: /Users/qiyunge/winMac/SoftwareDev/LaselleCollege/data_science/data_eda
2026-02-22 15:31:14,943 - INFO - Base Directory: /Users/qiyunge/winMac/SoftwareDev/LaselleCollege/data_science/data_eda
2026-02-22 15:33:16,554 - INFO - Base Directory: /Users/qiyunge/winMac/SoftwareDev/LaselleCollege/data_science/data_eda
2026-02-22 15:40:07,208 - INFO - Base Directory: /Users/qiyunge/winMac/SoftwareDev/LaselleCollege/data_science/data_eda
2026-02-22 15:41:13,288 - INFO - Base Directory: /Users/qiyunge/winMac/SoftwareDev/LaselleCollege/data_science/data_eda
2026-02-22 15:41:19,332 - INFO - Base Directory: /Users/qiyunge/winMac/SoftwareDev/LaselleCollege/data_science/data_eda
2026-02-22 15:41:47,601 - INFO - Base Directory: /Users/qiyunge/winMac/SoftwareDev/LaselleCollege/data_science/data_eda
2026-02-22 15:42:22,657 - INFO - Base Directory: /Users/qiyunge/winMac/SoftwareDev/LaselleCollege/data_science/data_eda
2026-02-22 15:42:50,268 - INFO - Base Directory: /Users/qiyunge/winMac/SoftwareDev/LaselleCollege/data_science/data_eda
2026-02-22 16:08:06,636 - INFO - Base Directory: /Users/qiyunge/winMac/SoftwareDev/LaselleCollege/data_science/data_eda
2026-02-22 16:08:32,638 - INFO - Base Directory: /Users/qiyunge/winMac/SoftwareDev/LaselleCollege/data_science/data_eda
2026-02-22 16:10:25,734 - INFO - Base Directory: /Users/qiyunge/winMac/SoftwareDev/LaselleCollege/data_science/data_eda
2026-02-22 16:14:14,371 - INFO - Base Directory: /Users/qiyunge/winMac/SoftwareDev/LaselleCollege/data_science/data_eda
2026-02-22 16:14:26,592 - INFO - Base Directory: /Users/qiyunge/winMac/SoftwareDev/LaselleCollege/data_science/data_eda
2026-02-22 16:15:08,025 - INFO - Base Directory: /Users/qiyunge/winMac/SoftwareDev/LaselleCollege/data_science/data_eda
2026-02-22 16:28:09,250 - INFO - Base Directory: /Users/qiyunge/winMac/SoftwareDev/LaselleCollege/data_science/data_eda
2026-02-22 16:28:37,797 - INFO - Base Directory: /Users/qiyunge/winMac/SoftwareDev/LaselleCollege/data_science/data_eda
2026-02-22 16:30:38,604 - INFO - Base Directory: /Users/qiyunge/winMac/SoftwareDev/LaselleCollege/data_science/data_eda
2026-02-22 16:35:27,374 - INFO - Base Directory: /Users/qiyunge/winMac/SoftwareDev/LaselleCollege/data_science/data_eda
2026-02-22 16:37:07,418 - INFO - Base Directory: /Users/qiyunge/winMac/SoftwareDev/LaselleCollege/data_science/data_eda
2026-02-22 16:44:43,427 - INFO - Base Directory: /Users/qiyunge/winMac/SoftwareDev/LaselleCollege/data_science/data_eda
2026-02-22 16:48:02,542 - INFO - Base Directory: /Users/qiyunge/winMac/SoftwareDev/LaselleCollege/data_science/data_eda
2026-02-22 16:49:04,397 - INFO - Base Directory: /Users/qiyunge/winMac/SoftwareDev/LaselleCollege/data_science/data_eda
2026-02-22 16:49:46,539 - INFO - Base Directory: /Users/qiyunge/winMac/SoftwareDev/LaselleCollege/data_science/data_eda
2026-02-22 16:50:19,124 - INFO - Base Directory: /Users/qiyunge/winMac/SoftwareDev/LaselleCollege/data_science/data_eda
2026-02-22 16:52:03,207 - INFO - Base Directory: /Users/qiyunge/winMac/SoftwareDev/LaselleCollege/data_science/data_eda
2026-02-22 16:52:16,488 - INFO - Base Directory: /Users/qiyunge/winMac/SoftwareDev/LaselleCollege/data_science/data_eda
2026-02-22 16:55:28,513 - INFO - Base Directory: /Users/qiyunge/winMac/SoftwareDev/LaselleCollege/data_science/data_eda
2026-02-22 16:57:22,423 - INFO - Base Directory: /Users/qiyunge/winMac/SoftwareDev/LaselleCollege/data_science/data_eda
2026-02-22 16:58:14,721 - INFO - Base Directory: /Users/qiyunge/winMac/SoftwareDev/LaselleCollege/data_science/data_eda
2026-02-22 16:58:38,812 - INFO - Base Directory: /Users/qiyunge/winMac/SoftwareDev/LaselleCollege/data_science/data_eda
2026-02-22 17:16:46,586 - INFO - Base Directory: /Users/qiyunge/winMac/SoftwareDev/LaselleCollege/data_science/data_eda
2026-02-22 17:39:38,708 - INFO - Base Directory: /Users/qiyunge/winMac/SoftwareDev/LaselleCollege/data_science/data_eda
2026-02-22 20:13:51,262 - INFO - Base Directory: /Users/qiyunge/winMac/SoftwareDev/LaselleCollege/data_science/data_eda
2026-02-22 20:13:51,477 - INFO - 0:Amount.Requested - dtype: numeric
2026-02-22 20:13:51,478 - INFO - 1:Amount.Funded.By.Investors - dtype: numeric
2026-02-22 20:13:51,480 - INFO - 2:Interest.Rate - dtype: numeric
2026-02-22 20:13:51,482 - INFO - 3:Debt.To.Income.Ratio - dtype: numeric
2026-02-22 20:13:51,483 - INFO - 4:Monthly.Income - dtype: numeric
2026-02-22 20:13:51,484 - INFO - 5:Fico.Range.Low - dtype: numeric
2026-02-22 20:13:51,485 - INFO - 6:Fico.Range.High - dtype: numeric
2026-02-22 20:13:51,486 - INFO - 7:Open.CREDIT.Lines - dtype: numeric
2026-02-22 20:13:51,487 - INFO - 8:Revolving.CREDIT.Balance - dtype: numeric
2026-02-22 20:13:51,490 - INFO - 9:Inquiries.in.the.Last.6.Months - dtype: numeric
2026-02-22 20:15:11,798 - INFO - Base Directory: /Users/qiyunge/winMac/SoftwareDev/LaselleCollege/data_science/data_eda
2026-02-22 20:15:12,106 - INFO - 0:Amount.Requested - dtype: numeric
2026-02-22 20:15:12,112 - INFO - 1:Amount.Funded.By.Investors - dtype: numeric
2026-02-22 20:15:12,115 - INFO - 2:Interest.Rate - dtype: numeric
2026-02-22 20:15:12,117 - INFO - 3:Debt.To.Income.Ratio - dtype: numeric
2026-02-22 20:15:12,119 - INFO - 4:Monthly.Income - dtype: numeric
2026-02-22 20:15:12,121 - INFO - 5:Fico.Range.Low - dtype: numeric
2026-02-22 20:15:12,123 - INFO - 6:Fico.Range.High - dtype: numeric
2026-02-22 20:15:12,125 - INFO - 7:Open.CREDIT.Lines - dtype: numeric
2026-02-22 20:15:12,127 - INFO - 8:Revolving.CREDIT.Balance - dtype: numeric
2026-02-22 20:15:12,128 - INFO - 9:Inquiries.in.the.Last.6.Months - dtype: numeric
2026-02-22 20:15:37,716 - INFO - Base Directory: /Users/qiyunge/winMac/SoftwareDev/LaselleCollege/data_science/data_eda
2026-02-22 20:15:55,347 - INFO - Base Directory: /Users/qiyunge/winMac/SoftwareDev/LaselleCollege/data_science/data_eda
2026-02-22 20:16:20,863 - INFO - Base Directory: /Users/qiyunge/winMac/SoftwareDev/LaselleCollege/data_science/data_eda
2026-02-22 20:27:03,328 - INFO - Base Directory: /Users/qiyunge/winMac/SoftwareDev/LaselleCollege/data_science/data_eda
2026-02-22 20:27:42,314 - INFO - Base Directory: /Users/qiyunge/winMac/SoftwareDev/LaselleCollege/data_science/data_eda
2026-02-22 21:31:04,958 - INFO - Base Directory: /Users/qiyunge/winMac/SoftwareDev/LaselleCollege/data_science/data_eda
